Product: MDK-ARM Professional 5.10
Component: ARM Compiler 5.04 update 1 (build 49)
Tool: armlink [5040049]

==============================================================================

Section Cross References

    startup_tm4c123.o(STACK) refers (Special) to heapauxi.o(.text) for __use_two_region_memory
    startup_tm4c123.o(HEAP) refers (Special) to heapauxi.o(.text) for __use_two_region_memory
    startup_tm4c123.o(RESET) refers (Special) to heapauxi.o(.text) for __use_two_region_memory
    startup_tm4c123.o(RESET) refers to startup_tm4c123.o(STACK) for __initial_sp
    startup_tm4c123.o(RESET) refers to startup_tm4c123.o(.text) for Reset_Handler
    startup_tm4c123.o(.text) refers (Special) to heapauxi.o(.text) for __use_two_region_memory
    startup_tm4c123.o(.text) refers to system_tm4c123.o(.text) for SystemInit
    startup_tm4c123.o(.text) refers to __main.o(!!!main) for __main
    startup_tm4c123.o(.text) refers to startup_tm4c123.o(HEAP) for Heap_Mem
    startup_tm4c123.o(.text) refers to startup_tm4c123.o(STACK) for Stack_Mem
    system_tm4c123.o(.text) refers to system_tm4c123.o(.data) for SystemCoreClock
    __main.o(!!!main) refers to rtentry.o(.ARM.Collect$$rtentry$$00000000) for __rt_entry
    rtentry.o(.ARM.Collect$$rtentry$$00000000) refers (Special) to rtentry2.o(.ARM.Collect$$rtentry$$0000000A) for __rt_entry_li
    rtentry.o(.ARM.Collect$$rtentry$$00000000) refers (Special) to rtentry2.o(.ARM.Collect$$rtentry$$0000000D) for __rt_entry_main
    rtentry.o(.ARM.Collect$$rtentry$$00000000) refers (Special) to rtentry2.o(.ARM.Collect$$rtentry$$0000000C) for __rt_entry_postli_1
    rtentry.o(.ARM.Collect$$rtentry$$00000000) refers (Special) to rtentry2.o(.ARM.Collect$$rtentry$$00000009) for __rt_entry_postsh_1
    rtentry.o(.ARM.Collect$$rtentry$$00000000) refers (Special) to rtentry2.o(.ARM.Collect$$rtentry$$00000002) for __rt_entry_presh_1
    rtentry.o(.ARM.Collect$$rtentry$$00000000) refers (Special) to rtentry4.o(.ARM.Collect$$rtentry$$00000004) for __rt_entry_sh
    rtentry2.o(.ARM.Collect$$rtentry$$00000008) refers to boardinit2.o(.text) for _platform_post_stackheap_init
    rtentry2.o(.ARM.Collect$$rtentry$$0000000A) refers to libinit.o(.ARM.Collect$$libinit$$00000000) for __rt_lib_init
    rtentry2.o(.ARM.Collect$$rtentry$$0000000B) refers to boardinit3.o(.text) for _platform_post_lib_init
    rtentry2.o(.ARM.Collect$$rtentry$$0000000D) refers to exit.o(.text) for exit
    rtentry2.o(.ARM.exidx) refers to rtentry2.o(.ARM.Collect$$rtentry$$00000001) for .ARM.Collect$$rtentry$$00000001
    rtentry2.o(.ARM.exidx) refers to rtentry2.o(.ARM.Collect$$rtentry$$00000008) for .ARM.Collect$$rtentry$$00000008
    rtentry2.o(.ARM.exidx) refers to rtentry2.o(.ARM.Collect$$rtentry$$0000000A) for .ARM.Collect$$rtentry$$0000000A
    rtentry2.o(.ARM.exidx) refers to rtentry2.o(.ARM.Collect$$rtentry$$0000000B) for .ARM.Collect$$rtentry$$0000000B
    rtentry2.o(.ARM.exidx) refers to rtentry2.o(.ARM.Collect$$rtentry$$0000000D) for .ARM.Collect$$rtentry$$0000000D
    rtentry4.o(.ARM.Collect$$rtentry$$00000004) refers to sys_stackheap_outer.o(.text) for __user_setup_stackheap
    rtentry4.o(.ARM.exidx) refers to rtentry4.o(.ARM.Collect$$rtentry$$00000004) for .ARM.Collect$$rtentry$$00000004
    sys_stackheap_outer.o(.text) refers to libspace.o(.text) for __user_perproc_libspace
    sys_stackheap_outer.o(.text) refers to startup_tm4c123.o(.text) for __user_initial_stackheap
    exit.o(.text) refers to rtexit.o(.ARM.Collect$$rtexit$$00000000) for __rt_exit
    libinit.o(.ARM.Collect$$libinit$$00000000) refers (Special) to libinit2.o(.ARM.Collect$$libinit$$0000002C) for __rt_lib_init_alloca_1
    libinit.o(.ARM.Collect$$libinit$$00000000) refers (Special) to libinit2.o(.ARM.Collect$$libinit$$00000025) for __rt_lib_init_argv_1
    libinit.o(.ARM.Collect$$libinit$$00000000) refers (Special) to libinit2.o(.ARM.Collect$$libinit$$00000019) for __rt_lib_init_atexit_1
    libinit.o(.ARM.Collect$$libinit$$00000000) refers (Special) to libinit2.o(.ARM.Collect$$libinit$$0000001F) for __rt_lib_init_clock_1
    libinit.o(.ARM.Collect$$libinit$$00000000) refers (Special) to libinit2.o(.ARM.Collect$$libinit$$00000030) for __rt_lib_init_cpp_1
    libinit.o(.ARM.Collect$$libinit$$00000000) refers (Special) to libinit2.o(.ARM.Collect$$libinit$$0000002E) for __rt_lib_init_exceptions_1
    libinit.o(.ARM.Collect$$libinit$$00000000) refers (Special) to libinit2.o(.ARM.Collect$$libinit$$00000001) for __rt_lib_init_fp_1
    libinit.o(.ARM.Collect$$libinit$$00000000) refers (Special) to libinit2.o(.ARM.Collect$$libinit$$0000001D) for __rt_lib_init_fp_trap_1
    libinit.o(.ARM.Collect$$libinit$$00000000) refers (Special) to libinit2.o(.ARM.Collect$$libinit$$00000021) for __rt_lib_init_getenv_1
    libinit.o(.ARM.Collect$$libinit$$00000000) refers (Special) to libinit2.o(.ARM.Collect$$libinit$$00000008) for __rt_lib_init_heap_1
    libinit.o(.ARM.Collect$$libinit$$00000000) refers (Special) to libinit2.o(.ARM.Collect$$libinit$$0000000F) for __rt_lib_init_lc_collate_1
    libinit.o(.ARM.Collect$$libinit$$00000000) refers (Special) to libinit2.o(.ARM.Collect$$libinit$$00000011) for __rt_lib_init_lc_ctype_1
    libinit.o(.ARM.Collect$$libinit$$00000000) refers (Special) to libinit2.o(.ARM.Collect$$libinit$$00000013) for __rt_lib_init_lc_monetary_1
    libinit.o(.ARM.Collect$$libinit$$00000000) refers (Special) to libinit2.o(.ARM.Collect$$libinit$$00000015) for __rt_lib_init_lc_numeric_1
    libinit.o(.ARM.Collect$$libinit$$00000000) refers (Special) to libinit2.o(.ARM.Collect$$libinit$$00000017) for __rt_lib_init_lc_time_1
    libinit.o(.ARM.Collect$$libinit$$00000000) refers (Special) to libinit2.o(.ARM.Collect$$libinit$$0000000C) for __rt_lib_init_rand_1
    libinit.o(.ARM.Collect$$libinit$$00000000) refers (Special) to libinit2.o(.ARM.Collect$$libinit$$00000031) for __rt_lib_init_return
    libinit.o(.ARM.Collect$$libinit$$00000000) refers (Special) to libinit2.o(.ARM.Collect$$libinit$$0000001B) for __rt_lib_init_signal_1
    libinit.o(.ARM.Collect$$libinit$$00000000) refers (Special) to libinit2.o(.ARM.Collect$$libinit$$00000023) for __rt_lib_init_stdio_1
    libinit.o(.ARM.Collect$$libinit$$00000000) refers (Special) to libinit2.o(.ARM.Collect$$libinit$$0000000A) for __rt_lib_init_user_alloc_1
    libspace.o(.text) refers to libspace.o(.bss) for __libspace_start
    rtexit.o(.ARM.Collect$$rtexit$$00000000) refers (Special) to rtexit2.o(.ARM.Collect$$rtexit$$00000004) for __rt_exit_exit
    rtexit.o(.ARM.Collect$$rtexit$$00000000) refers (Special) to rtexit2.o(.ARM.Collect$$rtexit$$00000003) for __rt_exit_ls
    rtexit.o(.ARM.Collect$$rtexit$$00000000) refers (Special) to rtexit2.o(.ARM.Collect$$rtexit$$00000002) for __rt_exit_prels_1
    rtexit.o(.ARM.exidx) refers (Special) to rtexit2.o(.ARM.Collect$$rtexit$$00000004) for __rt_exit_exit
    rtexit.o(.ARM.exidx) refers (Special) to rtexit2.o(.ARM.Collect$$rtexit$$00000003) for __rt_exit_ls
    rtexit.o(.ARM.exidx) refers (Special) to rtexit2.o(.ARM.Collect$$rtexit$$00000002) for __rt_exit_prels_1
    rtexit.o(.ARM.exidx) refers to rtexit.o(.ARM.Collect$$rtexit$$00000000) for .ARM.Collect$$rtexit$$00000000
    libinit2.o(.ARM.Collect$$libinit$$00000001) refers to fpinit.o(x$fpl$fpinit) for _fp_init
    libinit2.o(.ARM.Collect$$libinit$$0000000E) refers to libinit2.o(.ARM.Collect$$libinit$$0000000D) for .ARM.Collect$$libinit$$0000000D
    libinit2.o(.ARM.Collect$$libinit$$00000010) refers to libinit2.o(.ARM.Collect$$libinit$$0000000D) for .ARM.Collect$$libinit$$0000000D
    libinit2.o(.ARM.Collect$$libinit$$00000012) refers to libinit2.o(.ARM.Collect$$libinit$$0000000D) for .ARM.Collect$$libinit$$0000000D
    libinit2.o(.ARM.Collect$$libinit$$00000014) refers to libinit2.o(.ARM.Collect$$libinit$$0000000D) for .ARM.Collect$$libinit$$0000000D
    libinit2.o(.ARM.Collect$$libinit$$00000016) refers to libinit2.o(.ARM.Collect$$libinit$$0000000D) for .ARM.Collect$$libinit$$0000000D
    libinit2.o(.ARM.Collect$$libinit$$00000024) refers to argv_veneer.o(.emb_text) for __ARM_argv_veneer
    libinit2.o(.ARM.Collect$$libinit$$00000025) refers to argv_veneer.o(.emb_text) for __ARM_argv_veneer
    rtexit2.o(.ARM.Collect$$rtexit$$00000003) refers to libshutdown.o(.ARM.Collect$$libshutdown$$00000000) for __rt_lib_shutdown
    rtexit2.o(.ARM.Collect$$rtexit$$00000004) refers to sys_exit.o(.text) for _sys_exit
    rtexit2.o(.ARM.exidx) refers to rtexit2.o(.ARM.Collect$$rtexit$$00000001) for .ARM.Collect$$rtexit$$00000001
    rtexit2.o(.ARM.exidx) refers to rtexit2.o(.ARM.Collect$$rtexit$$00000003) for .ARM.Collect$$rtexit$$00000003
    rtexit2.o(.ARM.exidx) refers to rtexit2.o(.ARM.Collect$$rtexit$$00000004) for .ARM.Collect$$rtexit$$00000004
    argv_veneer.o(.emb_text) refers to _get_argv_nomalloc.o(.text) for __ARM_get_argv
    sys_exit.o(.text) refers (Special) to use_no_semi.o(.text) for __I$use$semihosting
    sys_exit.o(.text) refers (Special) to indicate_semi.o(.text) for __semihosting_library_function
    _get_argv_nomalloc.o(.text) refers (Special) to hrguard.o(.text) for __heap_region$guard
    _get_argv_nomalloc.o(.text) refers to defsig_rtmem_outer.o(.text) for __rt_SIGRTMEM
    _get_argv_nomalloc.o(.text) refers to sys_command.o(.text) for _sys_command_string
    libshutdown.o(.ARM.Collect$$libshutdown$$00000000) refers (Special) to libshutdown2.o(.ARM.Collect$$libshutdown$$00000006) for __rt_lib_shutdown_fp_trap_1
    libshutdown.o(.ARM.Collect$$libshutdown$$00000000) refers (Special) to libshutdown2.o(.ARM.Collect$$libshutdown$$0000000E) for __rt_lib_shutdown_heap_1
    libshutdown.o(.ARM.Collect$$libshutdown$$00000000) refers (Special) to libshutdown2.o(.ARM.Collect$$libshutdown$$0000000F) for __rt_lib_shutdown_return
    libshutdown.o(.ARM.Collect$$libshutdown$$00000000) refers (Special) to libshutdown2.o(.ARM.Collect$$libshutdown$$00000009) for __rt_lib_shutdown_signal_1
    libshutdown.o(.ARM.Collect$$libshutdown$$00000000) refers (Special) to libshutdown2.o(.ARM.Collect$$libshutdown$$00000003) for __rt_lib_shutdown_stdio_1
    libshutdown.o(.ARM.Collect$$libshutdown$$00000000) refers (Special) to libshutdown2.o(.ARM.Collect$$libshutdown$$0000000B) for __rt_lib_shutdown_user_alloc_1
    sys_command.o(.text) refers (Special) to use_no_semi.o(.text) for __I$use$semihosting
    sys_command.o(.text) refers (Special) to indicate_semi.o(.text) for __semihosting_library_function
    defsig_rtmem_outer.o(.text) refers to defsig_rtmem_inner.o(.text) for __rt_SIGRTMEM_inner
    defsig_rtmem_outer.o(.text) refers to defsig_exit.o(.text) for __sig_exit
    defsig_rtmem_formal.o(.text) refers to rt_raise.o(.text) for __rt_raise
    rt_raise.o(.text) refers to __raise.o(.text) for __raise
    rt_raise.o(.text) refers to sys_exit.o(.text) for _sys_exit
    defsig_exit.o(.text) refers to sys_exit.o(.text) for _sys_exit
    defsig_rtmem_inner.o(.text) refers to defsig_general.o(.text) for __default_signal_display
    __raise.o(.text) refers to defsig.o(CL$$defsig) for __default_signal_handler
    defsig_general.o(.text) refers to sys_wrch.o(.text) for _ttywrch
    sys_wrch.o(.text) refers (Special) to use_no_semi.o(.text) for __I$use$semihosting
    sys_wrch.o(.text) refers (Special) to indicate_semi.o(.text) for __semihosting_library_function
    defsig.o(CL$$defsig) refers to defsig_rtmem_inner.o(.text) for __rt_SIGRTMEM_inner
    defsig_abrt_inner.o(.text) refers to defsig_general.o(.text) for __default_signal_display
    defsig_fpe_inner.o(.text) refers to defsig_general.o(.text) for __default_signal_display
    defsig_rtred_inner.o(.text) refers to defsig_general.o(.text) for __default_signal_display
    defsig_stak_inner.o(.text) refers to defsig_general.o(.text) for __default_signal_display
    defsig_pvfn_inner.o(.text) refers to defsig_general.o(.text) for __default_signal_display
    defsig_cppl_inner.o(.text) refers to defsig_general.o(.text) for __default_signal_display
    defsig_segv_inner.o(.text) refers to defsig_general.o(.text) for __default_signal_display
    defsig_other.o(.text) refers to defsig_general.o(.text) for __default_signal_display


==============================================================================

Removing Unused input sections from the image.

    Removing system_tm4c123.o(.rev16_text), (4 bytes).
    Removing system_tm4c123.o(.revsh_text), (4 bytes).

2 unused section(s) (total 8 bytes) removed from the image.

==============================================================================

Memory Map of the image

  Image Entry point : 0x00000000

  Load Region LR_IROM1 (Base: 0x00000000, Size: 0x00000880, Max: 0x00040000, ABSOLUTE)

    Execution Region ER_IROM1 (Base: 0x00000000, Size: 0x0000087c, Max: 0x00040000, ABSOLUTE)

    Base Addr    Size         Type   Attr      Idx    E Section Name        Object

    0x00000000   0x0000026c   Data   RO            3    RESET               startup_tm4c123.o
    0x0000026c   0x00000008   Code   RO           63  * !!!main             c_w.l(__main.o)
    0x00000274   0x00000002   Code   RO           90    .ARM.Collect$$libinit$$00000000  c_w.l(libinit.o)
    0x00000276   0x00000004   Code   RO           96    .ARM.Collect$$libinit$$00000001  c_w.l(libinit2.o)
    0x0000027a   0x00000000   Code   RO          100    .ARM.Collect$$libinit$$00000008  c_w.l(libinit2.o)
    0x0000027a   0x00000000   Code   RO          102    .ARM.Collect$$libinit$$0000000A  c_w.l(libinit2.o)
    0x0000027a   0x00000000   Code   RO          104    .ARM.Collect$$libinit$$0000000C  c_w.l(libinit2.o)
    0x0000027a   0x00000000   Code   RO          107    .ARM.Collect$$libinit$$0000000F  c_w.l(libinit2.o)
    0x0000027a   0x00000000   Code   RO          109    .ARM.Collect$$libinit$$00000011  c_w.l(libinit2.o)
    0x0000027a   0x00000000   Code   RO          111    .ARM.Collect$$libinit$$00000013  c_w.l(libinit2.o)
    0x0000027a   0x00000000   Code   RO          113    .ARM.Collect$$libinit$$00000015  c_w.l(libinit2.o)
    0x0000027a   0x00000000   Code   RO          115    .ARM.Collect$$libinit$$00000017  c_w.l(libinit2.o)
    0x0000027a   0x00000000   Code   RO          117    .ARM.Collect$$libinit$$00000019  c_w.l(libinit2.o)
    0x0000027a   0x00000000   Code   RO          119    .ARM.Collect$$libinit$$0000001B  c_w.l(libinit2.o)
    0x0000027a   0x00000000   Code   RO          121    .ARM.Collect$$libinit$$0000001D  c_w.l(libinit2.o)
    0x0000027a   0x00000000   Code   RO          123    .ARM.Collect$$libinit$$0000001F  c_w.l(libinit2.o)
    0x0000027a   0x00000000   Code   RO          125    .ARM.Collect$$libinit$$00000021  c_w.l(libinit2.o)
    0x0000027a   0x00000000   Code   RO          127    .ARM.Collect$$libinit$$00000023  c_w.l(libinit2.o)
    0x0000027a   0x00000008   Code   RO          129    .ARM.Collect$$libinit$$00000025  c_w.l(libinit2.o)
    0x00000282   0x00000000   Code   RO          133    .ARM.Collect$$libinit$$0000002C  c_w.l(libinit2.o)
    0x00000282   0x00000000   Code   RO          135    .ARM.Collect$$libinit$$0000002E  c_w.l(libinit2.o)
    0x00000282   0x00000000   Code   RO          137    .ARM.Collect$$libinit$$00000030  c_w.l(libinit2.o)
    0x00000282   0x00000002   Code   RO          138    .ARM.Collect$$libinit$$00000031  c_w.l(libinit2.o)
    0x00000284   0x00000002   Code   RO          158    .ARM.Collect$$libshutdown$$00000000  c_w.l(libshutdown.o)
    0x00000286   0x00000000   Code   RO          172    .ARM.Collect$$libshutdown$$00000003  c_w.l(libshutdown2.o)
    0x00000286   0x00000000   Code   RO          175    .ARM.Collect$$libshutdown$$00000006  c_w.l(libshutdown2.o)
    0x00000286   0x00000000   Code   RO          178    .ARM.Collect$$libshutdown$$00000009  c_w.l(libshutdown2.o)
    0x00000286   0x00000000   Code   RO          180    .ARM.Collect$$libshutdown$$0000000B  c_w.l(libshutdown2.o)
    0x00000286   0x00000000   Code   RO          183    .ARM.Collect$$libshutdown$$0000000E  c_w.l(libshutdown2.o)
    0x00000286   0x00000002   Code   RO          184    .ARM.Collect$$libshutdown$$0000000F  c_w.l(libshutdown2.o)
    0x00000288   0x00000000   Code   RO           65    .ARM.Collect$$rtentry$$00000000  c_w.l(rtentry.o)
    0x00000288   0x00000000   Code   RO           67    .ARM.Collect$$rtentry$$00000002  c_w.l(rtentry2.o)
    0x00000288   0x00000006   Code   RO           79    .ARM.Collect$$rtentry$$00000004  c_w.l(rtentry4.o)
    0x0000028e   0x00000000   Code   RO           69    .ARM.Collect$$rtentry$$00000009  c_w.l(rtentry2.o)
    0x0000028e   0x00000004   Code   RO           70    .ARM.Collect$$rtentry$$0000000A  c_w.l(rtentry2.o)
    0x00000292   0x00000000   Code   RO           72    .ARM.Collect$$rtentry$$0000000C  c_w.l(rtentry2.o)
    0x00000292   0x00000008   Code   RO           73    .ARM.Collect$$rtentry$$0000000D  c_w.l(rtentry2.o)
    0x0000029a   0x00000002   Code   RO           94    .ARM.Collect$$rtexit$$00000000  c_w.l(rtexit.o)
    0x0000029c   0x00000000   Code   RO          140    .ARM.Collect$$rtexit$$00000002  c_w.l(rtexit2.o)
    0x0000029c   0x00000004   Code   RO          141    .ARM.Collect$$rtexit$$00000003  c_w.l(rtexit2.o)
    0x000002a0   0x00000006   Code   RO          142    .ARM.Collect$$rtexit$$00000004  c_w.l(rtexit2.o)
    0x000002a6   0x00000002   PAD
    0x000002a8   0x00000004   Code   RO          146    .emb_text           c_w.l(argv_veneer.o)
    0x000002ac   0x00000114   Code   RO            4    .text               startup_tm4c123.o
    0x000003c0   0x0000024c   Code   RO           12    .text               system_tm4c123.o
    0x0000060c   0x00000006   Code   RO           61    .text               c_w.l(heapauxi.o)
    0x00000612   0x0000004a   Code   RO           81    .text               c_w.l(sys_stackheap_outer.o)
    0x0000065c   0x0000000c   Code   RO           83    .text               c_w.l(exit.o)
    0x00000668   0x00000008   Code   RO           91    .text               c_w.l(libspace.o)
    0x00000670   0x0000000c   Code   RO          150    .text               c_w.l(sys_exit.o)
    0x0000067c   0x0000012e   Code   RO          154    .text               c_w.l(_get_argv_nomalloc.o)
    0x000007aa   0x00000018   Code   RO          159    .text               c_w.l(sys_command.o)
    0x000007c2   0x00000002   Code   RO          161    .text               c_w.l(use_no_semi.o)
    0x000007c4   0x00000000   Code   RO          163    .text               c_w.l(indicate_semi.o)
    0x000007c4   0x00000004   Code   RO          164    .text               c_w.l(hrguard.o)
    0x000007c8   0x0000000e   Code   RO          166    .text               c_w.l(defsig_rtmem_outer.o)
    0x000007d6   0x0000000a   Code   RO          187    .text               c_w.l(defsig_exit.o)
    0x000007e0   0x00000050   Code   RO          189    .text               c_w.l(defsig_rtmem_inner.o)
    0x00000830   0x00000032   Code   RO          193    .text               c_w.l(defsig_general.o)
    0x00000862   0x0000000e   Code   RO          195    .text               c_w.l(sys_wrch.o)
    0x00000870   0x0000000a   Code   RO          148    x$fpl$fpinit        fz_wm.l(fpinit.o)
    0x0000087a   0x00000002   PAD
    0x0000087c   0x00000000   Data   RO          215    Region$$Table       anon$$obj.o


    Execution Region RW_IRAM1 (Base: 0x20000000, Size: 0x00000268, Max: 0x00008000, ABSOLUTE)

    Base Addr    Size         Type   Attr      Idx    E Section Name        Object

    0x20000000   0x00000004   Data   RW           13    .data               system_tm4c123.o
    0x20000004   0x00000060   Zero   RW           92    .bss                c_w.l(libspace.o)
    0x20000064   0x00000004   PAD
    0x20000068   0x00000000   Zero   RW            2    HEAP                startup_tm4c123.o
    0x20000068   0x00000200   Zero   RW            1    STACK               startup_tm4c123.o

